// Vitest Snapshot v1, https://vitest.dev/guide/snapshot.html

exports[`Form > renders snapshot 1`] = `
<form
  action="javascript:throw new Error('A React form was unexpectedly submitted. If you called form.submit() manually, consider using form.requestSubmit() instead. If you\\'re trying to use event.stopPropagation() in a submit event handler, consider also calling event.preventDefault().')"
>
  <label
    for="search"
  >
    <strong>
      Search: 
    </strong>
  </label>
  <input
    id="search"
    type="text"
    value="Runescape"
  />
  <button
    type="submit"
  >
    Search
  </button>
</form>
`;
